// Jest Snapshot v1, https://goo.gl/fbAQLP

exports[`<Cart/> renders and matches snapshot 1`] = `
<header>
  <CloseButton
    onClick={[Function]}
    title="close"
  >
    <button
      className="CloseButton-sc-1pnklpp-0 fWXjsr"
      onClick={[Function]}
      title="close"
    >
      Ã—
    </button>
  </CloseButton>
  <Supreme>
    <h3
      className="Supreme-sc-2our4e-0 gkMCUx"
    >
      Dr. Allen Fadel
      's Cart
    </h3>
  </Supreme>
  <p>
    1
     item
     in your cart
  </p>
</header>
`;
