// Jest Snapshot v1, https://goo.gl/fbAQLP

exports[`<CreateItem/> matches snapshot 1`] = `
<form
  className="Form-opr7l5-0 gCHedR"
  data-test="form"
  onSubmit={[Function]}
>
  <h2>
    Sell Item
  </h2>
  <DisplayError
    error={Object {}}
  />
  <fieldset
    aria-busy={false}
    disabled={false}
  >
    <label
      htmlFor="image"
    >
      Add Image
      <input
        id="file"
        name="image"
        onChange={[Function]}
        placeholder="Add an image"
        type="file"
      />
    </label>
    <label
      htmlFor="title"
    >
      Title
      <input
        disabled={false}
        id="title"
        name="title"
        onChange={[Function]}
        placeholder="Title"
        required={true}
        type="text"
        value=""
      />
    </label>
    <label
      htmlFor="price"
    >
      Price
      <input
        id="price"
        name="price"
        onChange={[Function]}
        placeholder="Price"
        required={true}
        type="number"
        value={0}
      />
    </label>
    <label
      htmlFor="description"
    >
      Description
      <textarea
        id="description"
        name="desc"
        onChange={[Function]}
        placeholder="Description"
        required={true}
        type="text"
        value=""
      />
    </label>
    <button
      type="submit"
    >
      Submit
    </button>
  </fieldset>
</form>
`;
