// Jest Snapshot v1, https://goo.gl/fbAQLP

exports[`<RemoveFromCart/> renders and matches snapshot 1`] = `
<button
  className="RemoveFromCart__RemoveItemButton-dy7x4z-0 hrvlQy"
  disabled={false}
  onClick={[Function]}
  title="Delete Item"
>
  Remove
</button>
`;
