// Jest Snapshot v1, https://goo.gl/fbAQLP

exports[`<RequestReset/> renders and matches snapshot 1`] = `
Array [
  <Form
    data-test="form"
    method="POST"
    onSubmit={[Function]}
  >
    <form
      className="Form-opr7l5-0 gCHedR"
      data-test="form"
      method="POST"
      onSubmit={[Function]}
    >
      <fieldset
        aria-busy={false}
        disabled={false}
      >
        <h2>
          Request password reset
        </h2>
        <DisplayError
          error={Object {}}
        />
        <label
          htmlFor="email"
        >
          Email
          <input
            name="email"
            onChange={[Function]}
            placeholder="myname@something.com"
            type="email"
            value=""
          />
        </label>
        <button
          type="submit"
        >
          Request reset
        </button>
      </fieldset>
    </form>
  </Form>,
  <form
    className="Form-opr7l5-0 gCHedR"
    data-test="form"
    method="POST"
    onSubmit={[Function]}
  >
    <fieldset
      aria-busy={false}
      disabled={false}
    >
      <h2>
        Request password reset
      </h2>
      <DisplayError
        error={Object {}}
      />
      <label
        htmlFor="email"
      >
        Email
        <input
          name="email"
          onChange={[Function]}
          placeholder="myname@something.com"
          type="email"
          value=""
        />
      </label>
      <button
        type="submit"
      >
        Request reset
      </button>
    </fieldset>
  </form>,
]
`;
