// Jest Snapshot v1, https://goo.gl/fbAQLP

exports[`<Signup/> renders and matches snapshot 1`] = `
<form
  className="Form-opr7l5-0 gCHedR"
  method="POST"
  onSubmit={[Function]}
>
  <fieldset
    aria-busy={false}
    disabled={false}
  >
    <h2>
      Create an account
    </h2>
    <DisplayError
      error={Object {}}
    />
    <label
      htmlFor="name"
    >
      Username
      <input
        name="name"
        onChange={[Function]}
        placeholder="Jakey-Baby"
        type="text"
        value=""
      />
    </label>
    <label
      htmlFor="email"
    >
      Email
      <input
        name="email"
        onChange={[Function]}
        placeholder="myname@something.com"
        type="email"
        value=""
      />
    </label>
    <label
      htmlFor="password"
    >
      Password
      <input
        name="password"
        onChange={[Function]}
        placeholder="Enter a password"
        type="password"
        value=""
      />
    </label>
    <button
      type="submit"
    >
      Sign up
    </button>
  </fieldset>
</form>
`;
